[wechat-api] Theme: grace, color: #0F4C81, citeStatus: true
[wechat-api] Rendering markdown with placeholders via md-to-wechat: grace, color: #0F4C81, citeStatus: true
[wechat-api] HTML generated: /var/folders/8c/nt_jq2kj7gzgh9v1xh7ky5mw0000gn/T/wechat-article-images-WfgbcP/temp-article.html
[wechat-api] Placeholder images: 5
[wechat-api] Title: RAG 总找错资料？Embedding 和 Rerank 讲清楚
[wechat-api] Author: 蒸馏小余
[wechat-api] Digest: Embedding 负责先找候选，Rerank 负责重新排队。本文用生活类比讲清 RAG 检索、精排...
[wechat-api] Type: news
[wechat-api] Credentials source: ~/.baoyu-skills/.env
[wechat-api] Fetching access token...
[wechat-api] Uploading body images...
[wechat-api] Uploading body image: /Users/yjcjour/Documents/code/2026/4/blogs/post-to-wechat/2026-06-09/rag-embedding-rerank/imgs/article-cover.png
[wechat-api] Processed article-cover.png for body upload: compressed 2.29MB source below 1MB, encoded as JPEG (82 quality)
[wechat-api] Uploading body image: /Users/yjcjour/Documents/code/2026/4/blogs/post-to-wechat/2026-06-09/rag-embedding-rerank/imgs/embedding-menu-map.png
[wechat-api] Processed embedding-menu-map.png for body upload: compressed 2.22MB source below 1MB, encoded as JPEG (82 quality)
[wechat-api] Uploading body image: /Users/yjcjour/Documents/code/2026/4/blogs/post-to-wechat/2026-06-09/rag-embedding-rerank/imgs/retrieval-funnel.png
[wechat-api] Processed retrieval-funnel.png for body upload: compressed 2.14MB source below 1MB, encoded as JPEG (82 quality)
[wechat-api] Uploading body image: /Users/yjcjour/Documents/code/2026/4/blogs/post-to-wechat/2026-06-09/rag-embedding-rerank/imgs/rerank-judge.png
[wechat-api] Processed rerank-judge.png for body upload: compressed 2.48MB source below 1MB, encoded as JPEG (82 quality)
[wechat-api] Uploading body image: /Users/yjcjour/Documents/code/2026/4/blogs/post-to-wechat/2026-06-09/rag-embedding-rerank/imgs/rag-parameter-cheatsheet.png
[wechat-api] Processed rag-parameter-cheatsheet.png for body upload: compressed 2.04MB source below 1MB, encoded as JPEG (82 quality)
[wechat-api] Uploading cover: /Users/yjcjour/Documents/code/2026/4/blogs/post-to-wechat/2026-06-09/rag-embedding-rerank/imgs/article-cover.png
[wechat-api] Cover uploaded successfully, media_id: GHixSPLvYVluGTAOLz6FeVMTBgy0Fe-ZN0zkGsrC5YzYcGyRMZIcSzJXzkY5CEFS
[wechat-api] Publishing to draft...
{
  "success": true,
  "media_id": "GHixSPLvYVluGTAOLz6FeQEDdoNP7vDtr-6RRTmK_3W-llpKH1KD0QwD41yat6Ui",
  "title": "RAG 总找错资料？Embedding 和 Rerank 讲清楚",
  "articleType": "news",
  "updated": false
}
[wechat-api] Published successfully! media_id: GHixSPLvYVluGTAOLz6FeQEDdoNP7vDtr-6RRTmK_3W-llpKH1KD0QwD41yat6Ui
