[wechat-api] Theme: grace, color: #0F4C81, citeStatus: true
[wechat-api] Rendering markdown with placeholders via md-to-wechat: grace, color: #0F4C81, citeStatus: true
[wechat-api] HTML generated: /var/folders/8c/nt_jq2kj7gzgh9v1xh7ky5mw0000gn/T/wechat-article-images-HptNcO/temp-article.html
[wechat-api] Placeholder images: 9
[wechat-api] Title: Vibe Coding 最大坑：代码能跑，权限没人管
[wechat-api] Author: 蒸馏小余
[wechat-api] Digest: AI 写出来的内部工具最危险的地方，往往不是按钮不好用，而是按钮背后没有身份、权限、审批和审计。文末...
[wechat-api] Type: news
[wechat-api] Credentials source: ~/.baoyu-skills/.env
[wechat-api] Fetching access token...
[wechat-api] Uploading body images...
[wechat-api] Uploading body image: /Users/yjcjour/Documents/code/2026/4/blogs/post-to-wechat/2026-06-22/vibe-coding-runtime-boundary/imgs/article-cover.jpg
[wechat-api] Uploading body image: /Users/yjcjour/Documents/code/2026/4/blogs/post-to-wechat/2026-06-22/vibe-coding-runtime-boundary/imgs/01-image-2067642809092571136.jpg
[wechat-api] Uploading body image: /Users/yjcjour/Documents/code/2026/4/blogs/post-to-wechat/2026-06-22/vibe-coding-runtime-boundary/imgs/02-image-2067642931658526720.jpg
[wechat-api] Uploading body image: /Users/yjcjour/Documents/code/2026/4/blogs/post-to-wechat/2026-06-22/vibe-coding-runtime-boundary/imgs/04-image-2067644191057076224.png
[wechat-api] Uploading body image: /Users/yjcjour/Documents/code/2026/4/blogs/post-to-wechat/2026-06-22/vibe-coding-runtime-boundary/imgs/05-image-2067644347672309761.jpg
[wechat-api] Uploading body image: /Users/yjcjour/Documents/code/2026/4/blogs/post-to-wechat/2026-06-22/vibe-coding-runtime-boundary/imgs/03-video-thumb-2067644089286418432.jpg
[wechat-api] Uploading body image: /Users/yjcjour/Documents/code/2026/4/blogs/post-to-wechat/2026-06-22/vibe-coding-runtime-boundary/imgs/06-video-thumb-2067645088529002499.jpg
[wechat-api] Uploading body image: /Users/yjcjour/Documents/code/2026/4/blogs/post-to-wechat/2026-06-22/vibe-coding-runtime-boundary/imgs/07-image-2067645256846417920.jpg
[wechat-api] Uploading body image: /Users/yjcjour/Documents/code/2026/4/blogs/post-to-wechat/2026-06-22/vibe-coding-runtime-boundary/imgs/08-image-2067645357371305985.jpg
[wechat-api] Uploading cover: /Users/yjcjour/Documents/code/2026/4/blogs/post-to-wechat/2026-06-22/vibe-coding-runtime-boundary/imgs/article-cover.jpg
[wechat-api] Cover uploaded successfully, media_id: GHixSPLvYVluGTAOLz6Fee-6qinm7HIK4iB3JXlqvPRofIUnVmE-1A5qJsjnmxJM
[wechat-api] Publishing to draft...
{
  "success": true,
  "media_id": "GHixSPLvYVluGTAOLz6FedPy1N9I6W2A9cq_4-iwbLPhl9j4VyUzEUpMhY-ILwtJ",
  "title": "Vibe Coding 最大坑：代码能跑，权限没人管",
  "articleType": "news",
  "updated": false
}
[wechat-api] Published successfully! media_id: GHixSPLvYVluGTAOLz6FedPy1N9I6W2A9cq_4-iwbLPhl9j4VyUzEUpMhY-ILwtJ
